哈哈哈，啦啦啦啦
